Gym has been unmaintained since 2022 and does not support NumPy 2.0 amongst other critical functionality.
Please upgrade to Gymnasium, the maintained drop-in replacement of Gym, or contact the authors of your software and request that they upgrade.
See the migration guide at https://gymnasium.farama.org/introduction/migration_guide/ for additional information.
PluginManager::Manager: duplicate static plugin StbImageImporter, ignoring
PluginManager::Manager: duplicate static plugin GltfImporter, ignoring
PluginManager::Manager: duplicate static plugin BasisImporter, ignoring
PluginManager::Manager: duplicate static plugin AssimpImporter, ignoring
PluginManager::Manager: duplicate static plugin AnySceneImporter, ignoring
PluginManager::Manager: duplicate static plugin AnyImageImporter, ignoring
text/incontext_library: 0 done, 297 to run
Current command: <>
Current command: <>
Current command: <>
Current command: <>
Current command: <>
Current command: <>
Current command: <>
Current command: <>
Current command: <>
Current command: <>
Current command: <>
Current command: <>
Current command: <>
Current command: <>
Not Found Entity: kitchen island area
Not Found Entity: kitchen island area
Current command: <>
Current command: <>
Current command: <>
Current command: <>
Current command: <>
Current command: <>
Current command: <>
Current command: <>
Current command: <>
Current command: <>
Current command: <>
Current command: <>
Current command: <>
Current command: <>
Current command: <>
Current command: <>
Current command: <>
Current command: <>
Current command: <>
Current command: <>
Current command: <>
Current command: <>
Not Found Entity: kitchen work area
Not Found Entity: kitchen work area
Current command: <>
Current command: <>
Current command: <>
Current command: <>
Current command: <>
Current command: <>
Current command: <>
Current command: <>
Not Found Entity: kitchen island area
Not Found Entity: kitchen island area
Current command: <>
Current command: <>
Current command: <>
Current command: <>
Current command: <>
Current command: <>
Current command: <>
Current command: <>
Current command: <>
Current command: <>
Current command: <>
Current command: <>
Current command: <>
Current command: <>
Current command: <>
Current command: <>
Current command: <>
Current command: <>
Current command: <>
Current command: <>
Current command: <>
Current command: <>
Current command: <>
Current command: <>
Current command: <>
Current command: <>
Current command: <>
Current command: <>
Current command: <>
Current command: <>
Not Found Entity: kitchen work area
Not Found Entity: kitchen work area
Current command: <>
Current command: <>
Current command: <>
Current command: <>
Current command: <>
Current command: <>
Current command: <>
Current command: <>
Not Found Entity: kitchen island area
Not Found Entity: kitchen island area
Current command: <>
Current command: <>
Current command: <>
Current command: <>
Current command: <>
Current command: <>
Current command: <>
Current command: <>
Current command: <>
Current command: <>
Current command: <>
Current command: <>
Current command: <>
Current command: <>
Not Found Entity: kitchen work area
Not Found Entity: kitchen work area
Current command: <>
Current command: <>
{
  "task": "Amendment10_recombination",
  "split": "text",
  "arm": "incontext_library",
  "rows": 297,
  "successes": 9,
  "format_successes": 296,
  "accuracy": 0.030303030303030304,
  "results_sha256": "1ea0f65fb93e14c69c83077a430f5eecd19a71641c689e386f134ac2ebeb5859"
}
