Gym has been unmaintained since 2022 and does not support NumPy 2.0 amongst other critical functionality.
Please upgrade to Gymnasium, the maintained drop-in replacement of Gym, or contact the authors of your software and request that they upgrade.
See the migration guide at https://gymnasium.farama.org/introduction/migration_guide/ for additional information.
PluginManager::Manager: duplicate static plugin StbImageImporter, ignoring
PluginManager::Manager: duplicate static plugin GltfImporter, ignoring
PluginManager::Manager: duplicate static plugin BasisImporter, ignoring
PluginManager::Manager: duplicate static plugin AssimpImporter, ignoring
PluginManager::Manager: duplicate static plugin AnySceneImporter, ignoring
PluginManager::Manager: duplicate static plugin AnyImageImporter, ignoring
families        clear_table_with_two_robots_and_put_in_cabinet, cut_two_fruits_on_board, dog_check_environment, dog_push_box_for_two_panda_transport, ensure_all_fruits_on_table, parallel_human_dual_asset_to_plate_or_bowl, sequential_pick_two_and_place, serve_bread_after_checking_cabinet, serve_bread_from_counter, set_plate_and_fork_on_table, single_move_asset_to_target, toast_bread_and_set_plate, wash_fruit_and_serve
pool episodes   3214   support probe 60
operators in    16 -> distinct 8 -> admitted 8
   pos.name      Move Reach Grasp Move Place                          support 45   
   pos.name      Move Reach Grasp Move Reach Grasp Move Place         support 24   
   pos.name      Move Reach Grasp Move Reach Grasp Move Place         support 24   
   is_activated  Move Interact                                        support 16   
   is_activated  Move Reach Grasp Move Interact                       support 13   
   pos.name      Move Reach Open Move Reach Grasp Move Place          support 8    
   pos.name                                                           support 5    
   pos.name      Move Reach Grasp Move Reach Open Place               support 3    
layer2 kept_patterns 3   layer3 places 41
wrote results/iclr_two_exp_2026-09-22/A/memories_union/memory_heldout_cut_fruit_on_board.json  sha256 7f8b06cf23ac0d64
