Gym has been unmaintained since 2022 and does not support NumPy 2.0 amongst other critical functionality.
Please upgrade to Gymnasium, the maintained drop-in replacement of Gym, or contact the authors of your software and request that they upgrade.
See the migration guide at https://gymnasium.farama.org/introduction/migration_guide/ for additional information.
PluginManager::Manager: duplicate static plugin StbImageImporter, ignoring
PluginManager::Manager: duplicate static plugin GltfImporter, ignoring
PluginManager::Manager: duplicate static plugin BasisImporter, ignoring
PluginManager::Manager: duplicate static plugin AssimpImporter, ignoring
PluginManager::Manager: duplicate static plugin AnySceneImporter, ignoring
PluginManager::Manager: duplicate static plugin AnyImageImporter, ignoring
resume: 0 rows already in /mnt/pfs/devs/pn5wp/shishuqing/partnr-planner/results/iclr_two_exp_2026-09-22/A/a2_reask/30B/30B_ood_cut_two_fruits_on_board.partial.jsonl, 108 to score
replaying 1 archived answers from /mnt/pfs/devs/pn5wp/shishuqing/partnr-planner/results/iclr_two_exp_2026-09-22/A/a2_reask/30B/30B_ood_cut_two_fruits_on_board.replay.jsonl
  100/108  solved=0 (0.0%)

=== 30B_ood_cut_two_fruits_on_board: the model names the work, 108 rows ===
accuracy       0/108 = 0.00%
crew           model; re-asked on 0.9% of rows; infeasible_assignment 1/108
  NO_ARCHIVED_ANSWER     107   99.1%
  infeasible_assignment     1    0.9%

by family:
  cut_two_fruits_on_board                             0/108    0.0%

wrote /mnt/pfs/devs/pn5wp/shishuqing/partnr-planner/results/iclr_two_exp_2026-09-22/A/a2_reask/30B/30B_ood_cut_two_fruits_on_board.jsonl
